﻿
> sobat-hr-frontend@1.0.0 build
> vite build

[36mvite v7.3.1 [32mbuilding client environment for production...[36m[39m
transforming...
[32mΓ£ô[39m 32 modules transformed.
node.exe : [31mΓ£ù[39m Buil
d failed in 1.27s
At C:\Users\HAYU\AppData\Roam
ing\npm\npm.ps1:24 char:5
+     & "node$exe"  "$basedir
/node_modules/npm/bin/npm-cli
.js" $args
+     ~~~~~~~~~~~~~~~~~~~~~~~
~~~~~~~~~~~~~~~~~~~~~~~~~~~~~
~~~~~~~~~~
    + CategoryInfo           
   : NotSpecified: ([31mΓ£  
  ù[39m Build failed in 1   
 .27s:String) [], RemoteE    
xception
    + FullyQualifiedErrorId  
   : NativeCommandError
 
[31merror during build:
[31m[vite:css] [postcss] Can
not read properties of undefi
ned (reading 'insertAfter')[
31m
file: [36mD:/TRAE/Sobat-Hr/f
rontend/src/index.css:undefin
ed:NaN[31m
    at Rule.after (D:\TRAE\So
bat-Hr\frontend\node_modules\
postcss\lib\node.js:101:17)
    at processApply (D:\TRAE\
Sobat-Hr\frontend\node_module
s\tailwindcss\lib\lib\expandA
pplyAtRules.js:533:16)
    at processApply (D:\TRAE\
Sobat-Hr\frontend\node_module
s\tailwindcss\lib\lib\expandA
pplyAtRules.js:545:5)
    at processApply (D:\TRAE\
Sobat-Hr\frontend\node_module
s\tailwindcss\lib\lib\expandA
pplyAtRules.js:545:5)
    at D:\TRAE\Sobat-Hr\front
end\node_modules\tailwindcss\
lib\lib\expandApplyAtRules.js
:551:9
    at D:\TRAE\Sobat-Hr\front
end\node_modules\tailwindcss\
lib\processTailwindFeatures.j
s:55:50
    at async plugins (D:\TRAE
\Sobat-Hr\frontend\node_modul
es\tailwindcss\lib\plugin.js:
38:17)
    at async LazyResult.runAs
ync (D:\TRAE\Sobat-Hr\fronten
d\node_modules\postcss\lib\la
zy-result.js:293:11)
    at async runPostCSS (file
:///D:/TRAE/Sobat-Hr/frontend
/node_modules/vite/dist/node/
chunks/config.js:30145:19)
    at async compilePostCSS (
file:///D:/TRAE/Sobat-Hr/fron
tend/node_modules/vite/dist/n
ode/chunks/config.js:30129:6)
[39m
